{"logTime": "1003/143248", "correlationVector":"/uLMk1vOByuuU3PgEMrzw+.1","action":"SyncServerConnectionManagerRequest", "result":"SYNC_SERVER_OK", "context":{"environment":"Prod_southeastasia_prod-s01-064-apac-southeastasia", "migrationStage":"NotStarted", "server":"akswtt003000069"}}
{"logTime": "1003/143248", "correlationVector":"/uLMk1vOByuuU3PgEMrzw+.2","action":"ProcessGetUpdates", "result":"Done", "context":{"dataType":"Encryption Keys", "deleted":"0", "process_failed_to_decrypt":"0", "process_pending_decryption":"0", "process_success":"1", "total":"1"}}
{"logTime": "1003/143249", "correlationVector":"Ty3n1bxP4iMysWgZjxInow","action":"SyncServerConnectionManagerRequest", "result":"SYNC_SERVER_OK", "context":{"environment":"", "migrationStage":"", "server":""}}
{"logTime": "1003/143249", "correlationVector":"Ty3n1bxP4iMysWgZjxInow.0","action":"EncryptionKeysFetcher.DownloadKeys:", "result":"Success", "context":Key count: 1, Last key timestamp: 2026-04-15T07:48:20Z}
{"logTime": "1003/143249", "correlationVector":"Ty3n1bxP4iMysWgZjxInow.1","action":"EncryptionKeysManager::SetEncryptionKeys:", "result":"Success", "context":Key names[1]:[SBD8OAmziAjZ8nPTahlgIIsupABMxhRZ3wkCjSzBpFJP6UFM/QrDyyLxZkUpkR/Zo1yeC8dbtGAkHVqzNeTCnQ==]}
{"logTime": "1003/143249", "correlationVector":"Ty3n1bxP4iMysWgZjxInow.2","action":"EncryptionKeysManager::SetEncryptionKeysWithTimestamps:", "result":"Success", "context":Key timestamps[1]:[2026-04-15T07:48:20Z]}
{"logTime": "1003/143249", "correlationVector":"/uLMk1vOByuuU3PgEMrzw+","action":"Initial GetUpdates", "result":"", "context":Reason: NEW_CLIENT. cV=/uLMk1vOByuuU3PgEMrzw+}
{"logTime": "1003/143249", "correlationVector":"/uLMk1vOByuuU3PgEMrzw+.3","action":"GetUpdates Response", "result":"Success", "context":Received 1 update(s). cV=/uLMk1vOByuuU3PgEMrzw+.0;server=akswtt003000069;cloudType=Consumer;environment=Prod_southeastasia_prod-s01-064-apac-southeastasia;migrationStage=NotStarted}
{"logTime": "1003/143249", "correlationVector":"cVht55ztLjAA9fv1JjesTg","action":"Initial GetUpdates", "result":"", "context":Reason: NEWLY_SUPPORTED_DATATYPE. cV=cVht55ztLjAA9fv1JjesTg}
{"logTime": "1003/143249", "correlationVector":"cVht55ztLjAA9fv1JjesTg.1","action":"SyncServerConnectionManagerRequest", "result":"SYNC_SERVER_OK", "context":{"environment":"Prod_southeastasia_prod-s01-064-apac-southeastasia", "migrationStage":"NotStarted", "server":"akswtt00300003x"}}
{"logTime": "1003/143249", "correlationVector":"cVht55ztLjAA9fv1JjesTg.2","action":"ProcessGetUpdates", "result":"Done", "context":{"dataType":"Device Info", "deleted":"0", "process_failed_to_decrypt":"0", "process_pending_decryption":"0", "process_success":"2", "total":"2"}}
{"logTime": "1003/143249", "correlationVector":"cVht55ztLjAA9fv1JjesTg.3","action":"GetUpdates Response", "result":"Success", "context":Received 2 update(s). cV=cVht55ztLjAA9fv1JjesTg.0;server=akswtt00300003x;cloudType=Consumer;environment=Prod_southeastasia_prod-s01-064-apac-southeastasia;migrationStage=NotStarted}
{"logTime": "1003/143249", "correlationVector":"HeUyJdHUglLKlxKRDWRQrj","action":"Initial GetUpdates", "result":"", "context":Reason: NEWLY_SUPPORTED_DATATYPE. cV=HeUyJdHUglLKlxKRDWRQrj}
{"logTime": "1003/143250", "correlationVector":"HeUyJdHUglLKlxKRDWRQrj.1","action":"SyncServerConnectionManagerRequest", "result":"SYNC_SERVER_OK", "context":{"environment":"Prod_southeastasia_prod-s01-064-apac-southeastasia", "migrationStage":"NotStarted", "server":"akswtt003000058"}}
{"logTime": "1003/143250", "correlationVector":"HeUyJdHUglLKlxKRDWRQrj.2","action":"GetUpdates Response", "result":"Success", "context":Received 0 update(s). cV=HeUyJdHUglLKlxKRDWRQrj.0;server=akswtt003000058;cloudType=Consumer;environment=Prod_southeastasia_prod-s01-064-apac-southeastasia;migrationStage=NotStarted}
{"logTime": "1003/143250", "correlationVector":"TuJ3fwy2hrVL9rBJMiqgs/","action":"Normal GetUpdate request", "result":"", "context":cV=TuJ3fwy2hrVL9rBJMiqgs/
Nudged types: Device Info
Refresh requested types: Extensions, Extension settings, Device Info, User Consents, Send Tab To Self, Web Apps, Encryption Keys}
{"logTime": "1003/143250", "correlationVector":"TuJ3fwy2hrVL9rBJMiqgs/.1","action":"SyncServerConnectionManagerRequest", "result":"SYNC_SERVER_OK", "context":{"environment":"Prod_southeastasia_prod-s01-064-apac-southeastasia", "migrationStage":"NotStarted", "server":"akswtt00300000t"}}
{"logTime": "1003/143250", "correlationVector":"TuJ3fwy2hrVL9rBJMiqgs/.2","action":"GetUpdates Response", "result":"Success", "context":Received 0 update(s). cV=TuJ3fwy2hrVL9rBJMiqgs/.0;server=akswtt00300000t;cloudType=Consumer;environment=Prod_southeastasia_prod-s01-064-apac-southeastasia;migrationStage=NotStarted}
{"logTime": "1003/143250", "correlationVector":"QShuHkwaD9I96mUPVR+KMA","action":"DoCompareDataConsistency requsted types: ", "result":"Extensions, Extension settings, Send Tab To Self, Web Apps, Encryption Keys"}
{"logTime": "1003/143250", "correlationVector":"QShuHkwaD9I96mUPVR+KMA.0","action":"CompareDataConsistency result: ", "result":"Compare result: Encryption Keys is consistent. local entities count is: 1 local entities hash is: AmSU410tyiISM4L0y45mT4+ZTgY="}
{"logTime": "1003/143250", "correlationVector":"QShuHkwaD9I96mUPVR+KMA.1","action":"CompareDataConsistency result: ", "result":"Compare result: Extensions is consistent. local entities count is: 0 local entities hash is: "}
{"logTime": "1003/143250", "correlationVector":"QShuHkwaD9I96mUPVR+KMA.2","action":"CompareDataConsistency result: ", "result":"Compare result: Extension settings is consistent. local entities count is: 0 local entities hash is: "}
{"logTime": "1003/143250", "correlationVector":"QShuHkwaD9I96mUPVR+KMA.3","action":"CompareDataConsistency result: ", "result":"Server did not send this Send Tab To Self local entities count is: 0 local entities hash is: "}
{"logTime": "1003/143250", "correlationVector":"QShuHkwaD9I96mUPVR+KMA.4","action":"CompareDataConsistency result: ", "result":"Compare result: Web Apps is consistent. local entities count is: 0 local entities hash is: "}
{"logTime": "1003/143250", "correlationVector":"vMh4Lw6vbsbUk+nJaYnFVV","action":"Commit Request", "result":"", "context":Item count: 1
Contributing types: Device Info}
{"logTime": "1003/143250", "correlationVector":"vMh4Lw6vbsbUk+nJaYnFVV.1","action":"SyncServerConnectionManagerRequest", "result":"SYNC_SERVER_OK", "context":{"environment":"Prod_southeastasia_prod-s01-064-apac-southeastasia", "migrationStage":"NotStarted", "server":"akswtt00300005j"}}
{"logTime": "1003/143250", "correlationVector":"vMh4Lw6vbsbUk+nJaYnFVV.2","action":"Commit Response", "result":"Success", "context":Result: Success. cV=vMh4Lw6vbsbUk+nJaYnFVV.0;server=akswtt00300005j;cloudType=Consumer;environment=Prod_southeastasia_prod-s01-064-apac-southeastasia;migrationStage=NotStarted}
{"logTime": "1003/143250", "correlationVector":"","action":"DIAGNOSTIC_REQUEST|v1/diagnosticData/Diagnostic.SendCheckResult()|SUCCESS", "result":""}
{"logTime": "1003/143316", "correlationVector":"","action":"Microsoft.Sync.State.UserActionableError.30Sec", "result":"Error:7"}
{"logTime": "1003/143316", "correlationVector":"","action":"Microsoft.Sync.State.Sign.In.UserActionableError.30Sec", "result":"Error:7"}
{"logTime": "1003/143346", "correlationVector":"","action":"Microsoft.Sync.State.UserActionableError.1Min", "result":"Error:7"}
{"logTime": "1003/143346", "correlationVector":"","action":"Microsoft.Sync.State.Sign.In.UserActionableError.1Min", "result":"Error:7"}
{"logTime": "1003/143446", "correlationVector":"","action":"Microsoft.Sync.State.UserActionableError.2Min", "result":"Error:7"}
{"logTime": "1003/143446", "correlationVector":"","action":"Microsoft.Sync.State.Sign.In.UserActionableError.2Min", "result":"Error:7"}
{"logTime": "1003/143538", "correlationVector":"vI9LaWnnCIzwBANXqYAhDq","action":"Normal GetUpdate request", "result":"", "context":cV=vI9LaWnnCIzwBANXqYAhDq
Refresh requested types: Extensions, Extension settings, Device Info, User Consents, Send Tab To Self, Web Apps, Encryption Keys}
{"logTime": "1003/143539", "correlationVector":"vI9LaWnnCIzwBANXqYAhDq.1","action":"SyncServerConnectionManagerRequest", "result":"SYNC_SERVER_OK", "context":{"environment":"Prod_southeastasia_prod-s01-064-apac-southeastasia", "migrationStage":"NotStarted", "server":"akswtt00300002y"}}
{"logTime": "1003/143539", "correlationVector":"vI9LaWnnCIzwBANXqYAhDq.2","action":"ProcessGetUpdates", "result":"Done", "context":{"dataType":"Device Info", "deleted":"0", "process_failed_to_decrypt":"0", "process_pending_decryption":"0", "process_success":"1", "total":"1"}}
{"logTime": "1003/143539", "correlationVector":"vI9LaWnnCIzwBANXqYAhDq.3","action":"GetUpdates Response", "result":"Success", "context":Received 1 update(s). cV=vI9LaWnnCIzwBANXqYAhDq.0;server=akswtt00300002y;cloudType=Consumer;environment=Prod_southeastasia_prod-s01-064-apac-southeastasia;migrationStage=NotStarted}
{"logTime": "1003/143622", "correlationVector":"QpSXogxQSOiMPE5GQ4Pkfg","action":"Normal GetUpdate request", "result":"", "context":cV=QpSXogxQSOiMPE5GQ4Pkfg
Refresh requested types: Extensions, Extension settings, Device Info, User Consents, Send Tab To Self, Web Apps, Encryption Keys}
{"logTime": "1003/143623", "correlationVector":"QpSXogxQSOiMPE5GQ4Pkfg.1","action":"SyncServerConnectionManagerRequest", "result":"SYNC_SERVER_OK", "context":{"environment":"Prod_southeastasia_prod-s01-064-apac-southeastasia", "migrationStage":"NotStarted", "server":"akswtt003000059"}}
{"logTime": "1003/143623", "correlationVector":"QpSXogxQSOiMPE5GQ4Pkfg.2","action":"GetUpdates Response", "result":"Success", "context":Received 0 update(s). cV=QpSXogxQSOiMPE5GQ4Pkfg.0;server=akswtt003000059;cloudType=Consumer;environment=Prod_southeastasia_prod-s01-064-apac-southeastasia;migrationStage=NotStarted}
{"logTime": "1003/143642", "correlationVector":"","action":"Microsoft.Sync.State.UserActionableError.30Sec", "result":"Error:7"}
{"logTime": "1003/143642", "correlationVector":"","action":"Microsoft.Sync.State.Existing.UserActionableError.30Sec", "result":"Error:7"}
{"logTime": "1003/143712", "correlationVector":"","action":"Microsoft.Sync.State.UserActionableError.1Min", "result":"Error:7"}
{"logTime": "1003/143712", "correlationVector":"","action":"Microsoft.Sync.State.Existing.UserActionableError.1Min", "result":"Error:7"}
{"logTime": "1003/153336", "correlationVector":"cTjswFMz25R5h8cAMvttv3","action":"Normal GetUpdate request", "result":"", "context":cV=cTjswFMz25R5h8cAMvttv3
Refresh requested types: Extensions, Extension settings, Device Info, User Consents, Send Tab To Self, Web Apps, Encryption Keys}
{"logTime": "1003/153337", "correlationVector":"cTjswFMz25R5h8cAMvttv3.1","action":"SyncServerConnectionManagerRequest", "result":"SYNC_SERVER_OK", "context":{"environment":"Prod_southeastasia_prod-s01-064-apac-southeastasia", "migrationStage":"NotStarted", "server":"akswtt00300000o"}}
{"logTime": "1003/153337", "correlationVector":"cTjswFMz25R5h8cAMvttv3.2","action":"GetUpdates Response", "result":"Success", "context":Received 0 update(s). cV=cTjswFMz25R5h8cAMvttv3.0;server=akswtt00300000o;cloudType=Consumer;environment=Prod_southeastasia_prod-s01-064-apac-southeastasia;migrationStage=NotStarted}
{"logTime": "1003/153356", "correlationVector":"","action":"Microsoft.Sync.State.UserActionableError.30Sec", "result":"Error:7"}
{"logTime": "1003/153356", "correlationVector":"","action":"Microsoft.Sync.State.Existing.UserActionableError.30Sec", "result":"Error:7"}
{"logTime": "1003/153426", "correlationVector":"","action":"Microsoft.Sync.State.UserActionableError.1Min", "result":"Error:7"}
{"logTime": "1003/153426", "correlationVector":"","action":"Microsoft.Sync.State.Existing.UserActionableError.1Min", "result":"Error:7"}
{"logTime": "1003/153526", "correlationVector":"","action":"Microsoft.Sync.State.UserActionableError.2Min", "result":"Error:7"}
{"logTime": "1003/153526", "correlationVector":"","action":"Microsoft.Sync.State.Existing.UserActionableError.2Min", "result":"Error:7"}
{"logTime": "1003/153748", "correlationVector":"aTJten8ffkoE19YZFdpeoJ","action":"Normal GetUpdate request", "result":"", "context":cV=aTJten8ffkoE19YZFdpeoJ
Refresh requested types: Extensions, Extension settings, Device Info, User Consents, Send Tab To Self, Web Apps, Encryption Keys}
{"logTime": "1003/153748", "correlationVector":"aTJten8ffkoE19YZFdpeoJ.1","action":"SyncServerConnectionManagerRequest", "result":"SYNC_SERVER_OK", "context":{"environment":"Prod_southeastasia_prod-s01-064-apac-southeastasia", "migrationStage":"NotStarted", "server":"akswtt003000065"}}
{"logTime": "1003/153748", "correlationVector":"aTJten8ffkoE19YZFdpeoJ.2","action":"GetUpdates Response", "result":"Success", "context":Received 0 update(s). cV=aTJten8ffkoE19YZFdpeoJ.0;server=akswtt003000065;cloudType=Consumer;environment=Prod_southeastasia_prod-s01-064-apac-southeastasia;migrationStage=NotStarted}
{"logTime": "1003/153808", "correlationVector":"","action":"Microsoft.Sync.State.UserActionableError.30Sec", "result":"Error:7"}
{"logTime": "1003/153808", "correlationVector":"","action":"Microsoft.Sync.State.Existing.UserActionableError.30Sec", "result":"Error:7"}
{"logTime": "1003/153838", "correlationVector":"","action":"Microsoft.Sync.State.UserActionableError.1Min", "result":"Error:7"}
{"logTime": "1003/153838", "correlationVector":"","action":"Microsoft.Sync.State.Existing.UserActionableError.1Min", "result":"Error:7"}
{"logTime": "1003/154000", "correlationVector":"Pm8lP6N7dGuMlwLT2ov1xa","action":"Normal GetUpdate request", "result":"", "context":cV=Pm8lP6N7dGuMlwLT2ov1xa
Refresh requested types: Extensions, Extension settings, Device Info, User Consents, Send Tab To Self, Web Apps, Encryption Keys}
{"logTime": "1003/154001", "correlationVector":"Pm8lP6N7dGuMlwLT2ov1xa.1","action":"SyncServerConnectionManagerRequest", "result":"SYNC_SERVER_OK", "context":{"environment":"Prod_southeastasia_prod-s01-064-apac-southeastasia", "migrationStage":"NotStarted", "server":"akswtt003000032"}}
{"logTime": "1003/154001", "correlationVector":"Pm8lP6N7dGuMlwLT2ov1xa.2","action":"GetUpdates Response", "result":"Success", "context":Received 0 update(s). cV=Pm8lP6N7dGuMlwLT2ov1xa.0;server=akswtt003000032;cloudType=Consumer;environment=Prod_southeastasia_prod-s01-064-apac-southeastasia;migrationStage=NotStarted}
{"logTime": "1003/154020", "correlationVector":"","action":"Microsoft.Sync.State.UserActionableError.30Sec", "result":"Error:7"}
{"logTime": "1003/154020", "correlationVector":"","action":"Microsoft.Sync.State.Existing.UserActionableError.30Sec", "result":"Error:7"}
{"logTime": "1003/154050", "correlationVector":"","action":"Microsoft.Sync.State.UserActionableError.1Min", "result":"Error:7"}
{"logTime": "1003/154050", "correlationVector":"","action":"Microsoft.Sync.State.Existing.UserActionableError.1Min", "result":"Error:7"}
{"logTime": "1003/154150", "correlationVector":"","action":"Microsoft.Sync.State.UserActionableError.2Min", "result":"Error:7"}
{"logTime": "1003/154150", "correlationVector":"","action":"Microsoft.Sync.State.Existing.UserActionableError.2Min", "result":"Error:7"}
{"logTime": "1003/154433", "correlationVector":"GEuzV+w5Ro9fA3N9BKI5wF","action":"Normal GetUpdate request", "result":"", "context":cV=GEuzV+w5Ro9fA3N9BKI5wF
Refresh requested types: Extensions, Extension settings, Device Info, User Consents, Send Tab To Self, Web Apps, Encryption Keys}
{"logTime": "1003/154433", "correlationVector":"GEuzV+w5Ro9fA3N9BKI5wF.1","action":"SyncServerConnectionManagerRequest", "result":"SYNC_SERVER_OK", "context":{"environment":"Prod_southeastasia_prod-s01-064-apac-southeastasia", "migrationStage":"NotStarted", "server":"akswtt003000003"}}
{"logTime": "1003/154433", "correlationVector":"GEuzV+w5Ro9fA3N9BKI5wF.2","action":"GetUpdates Response", "result":"Success", "context":Received 0 update(s). cV=GEuzV+w5Ro9fA3N9BKI5wF.0;server=akswtt003000003;cloudType=Consumer;environment=Prod_southeastasia_prod-s01-064-apac-southeastasia;migrationStage=NotStarted}
{"logTime": "1003/154453", "correlationVector":"","action":"Microsoft.Sync.State.UserActionableError.30Sec", "result":"Error:7"}
{"logTime": "1003/154453", "correlationVector":"","action":"Microsoft.Sync.State.Existing.UserActionableError.30Sec", "result":"Error:7"}
