2026-10-03 14:32:45.234: [INFO][Sync] Reset engine, reason: 8
2026-10-03 14:32:45.234: [INFO][Sync] Stopped: Bookmarks
2026-10-03 14:32:45.234: [INFO][Sync] Stopped: Preferences
2026-10-03 14:32:45.234: [INFO][Sync] Stopped: Passwords
2026-10-03 14:32:45.234: [INFO][Sync] Stopped: Autofill Profiles
2026-10-03 14:32:45.234: [INFO][Sync] Stopped: Autofill
2026-10-03 14:32:45.234: [INFO][Sync] Stopped: Extensions
2026-10-03 14:32:45.234: [INFO][Sync] Stopped: Sessions
2026-10-03 14:32:45.234: [INFO][Sync] Stopped: Extension settings
2026-10-03 14:32:45.234: [INFO][Sync] Stopped: History Delete Directives
2026-10-03 14:32:45.234: [INFO][Sync] Stopped: Device Info
2026-10-03 14:32:45.234: [INFO][Sync] Stopped: User Consents
2026-10-03 14:32:45.234: [INFO][Sync] Stopped: Send Tab To Self
2026-10-03 14:32:45.234: [INFO][Sync] Stopped: Web Apps
2026-10-03 14:32:45.234: [INFO][Sync] Stopped: History
2026-10-03 14:32:45.234: [INFO][Sync] Stopped: Saved Tab Group
2026-10-03 14:32:45.234: [INFO][Sync] Stopped: WebAuthn Credentials
2026-10-03 14:32:45.234: [INFO][Sync] Stopped: Edge Hub App Usage
2026-10-03 14:32:45.234: [INFO][Sync] Stopped: Edge Journey
2026-10-03 14:32:45.234: [INFO][Sync] Stopped: Edge Workspace
2026-10-03 14:32:45.234: [INFO][Sync] SyncState after authenticated was: NotSignedIn
2026-10-03 14:32:45.519: [INFO][Sync] Reset engine, reason: 8
2026-10-03 14:32:45.519: [INFO][Sync] Stopped: Bookmarks
2026-10-03 14:32:45.519: [INFO][Sync] Stopped: Preferences
2026-10-03 14:32:45.519: [INFO][Sync] Stopped: Passwords
2026-10-03 14:32:45.519: [INFO][Sync] Stopped: Autofill Profiles
2026-10-03 14:32:45.519: [INFO][Sync] Stopped: Autofill
2026-10-03 14:32:45.519: [INFO][Sync] Stopped: Extensions
2026-10-03 14:32:45.519: [INFO][Sync] Stopped: Sessions
2026-10-03 14:32:45.519: [INFO][Sync] Stopped: Extension settings
2026-10-03 14:32:45.519: [INFO][Sync] Stopped: History Delete Directives
2026-10-03 14:32:45.519: [INFO][Sync] Stopped: Device Info
2026-10-03 14:32:45.519: [INFO][Sync] Stopped: User Consents
2026-10-03 14:32:45.519: [INFO][Sync] Stopped: Send Tab To Self
2026-10-03 14:32:45.519: [INFO][Sync] Stopped: Web Apps
2026-10-03 14:32:45.519: [INFO][Sync] Stopped: History
2026-10-03 14:32:45.519: [INFO][Sync] Stopped: Saved Tab Group
2026-10-03 14:32:45.519: [INFO][Sync] Stopped: WebAuthn Credentials
2026-10-03 14:32:45.519: [INFO][Sync] Stopped: Edge Hub App Usage
2026-10-03 14:32:45.519: [INFO][Sync] Stopped: Edge Journey
2026-10-03 14:32:45.519: [INFO][Sync] Stopped: Edge Workspace
2026-10-03 14:32:46.224: [INFO][Sync] Try to start sync engine
2026-10-03 14:32:46.225: [INFO][SyncManagerImpl::NudgeForInitialDownload] Initial download nudge for Encryption Keys
2026-10-03 14:32:46.225: [INFO][SyncEngineBackend::LoadAndConnectNigoriController] Load and connect Nigori controller
2026-10-03 14:32:46.225: [INFO][SyncEngineBackend::DoInitialize] Control Types added: Encryption Keys
2026-10-03 14:32:46.225: [INFO][SyncManagerImpl::ConfigureSyncer] Types to download: Encryption Keys with reason: 3
2026-10-03 14:32:46.225: [INFO][SyncSchedulerImpl::DoConfigurationSyncCycleJob] Configure job was blocked
2026-10-03 14:32:47.798: [INFO][SyncAuthManager::SetLastAuthError] Current auth error: None
2026-10-03 14:32:47.798: [INFO][SyncAuthManager::EdgeLogTokenErrorState] Token error with: None for account type: MSA
2026-10-03 14:32:47.798: [INFO][Sync] Credentials changed for: EdgeSyncScopeNew
2026-10-03 14:32:47.846: [INFO][SyncAuthManager::SetLastAuthError] Current auth error: None
2026-10-03 14:32:47.847: [INFO][SyncAuthManager::EdgeLogTokenErrorState] Token error with: None for account type: MSA
2026-10-03 14:32:47.847: [INFO][Sync] Credentials changed for: EdgeSyncKeyDataScope
2026-10-03 14:32:47.847: [INFO][SyncEngineBackend::DoUpdateKeyDataCredentials] Update key data credentials
2026-10-03 14:32:47.847: [INFO][SyncEngineBackend::DoUpdateCredentials] Update credentials
2026-10-03 14:32:47.847: [INFO][SyncSchedulerImpl::DoConfigurationSyncCycleJob] Blocked types:  and types to download: Encryption Keys
2026-10-03 14:32:48.434: [INFO][Sync] Started DataTypeManager configuration, reason: 4
2026-10-03 14:32:48.434: [INFO][Sync] Configuring for: Extensions, Extension settings, Device Info, User Consents, Send Tab To Self, Web Apps, Encryption Keys, reason: 3, current state: 0
2026-10-03 14:32:48.434: [WARN][Sync] Crypto error data types: 
2026-10-03 14:32:48.434: [INFO][Sync] Configure, desired: Extensions, Extension settings, Device Info, User Consents, Send Tab To Self, Web Apps, Encryption Keys; Allow fail: 
2026-10-03 14:32:48.434: [INFO][Sync] Loading: Extensions
2026-10-03 14:32:48.434: [INFO][Sync] Loading: Extension settings
2026-10-03 14:32:48.434: [INFO][Sync] Loading: Device Info
2026-10-03 14:32:48.434: [INFO][Sync] Loading: User Consents
2026-10-03 14:32:48.434: [INFO][Sync] Loading: Send Tab To Self
2026-10-03 14:32:48.434: [INFO][Sync] Loading: Web Apps
2026-10-03 14:32:48.436: [INFO][Sync] All data types are ready for configure.
2026-10-03 14:32:49.368: [INFO][Sync] Started DataTypeManager configuration, reason: 5
2026-10-03 14:32:49.368: [INFO][Sync] Configuring for: Extensions, Extension settings, Device Info, User Consents, Send Tab To Self, Web Apps, Encryption Keys, reason: 5, current state: 1
2026-10-03 14:32:49.369: [INFO][SyncEngineBackend::DoStartConfiguration] Start configuration
2026-10-03 14:32:49.369: [INFO][SyncManagerImpl::NudgeForInitialDownload] Initial download nudge for Extensions
2026-10-03 14:32:49.369: [INFO][SyncManagerImpl::NudgeForInitialDownload] Initial download nudge for Extension settings
2026-10-03 14:32:49.369: [INFO][SyncManagerImpl::NudgeForInitialDownload] Initial download nudge for Device Info
2026-10-03 14:32:49.369: [INFO][SyncManagerImpl::NudgeForInitialDownload] Initial download nudge for Send Tab To Self
2026-10-03 14:32:49.369: [INFO][SyncManagerImpl::NudgeForInitialDownload] Initial download nudge for Web Apps
2026-10-03 14:32:49.369: [INFO][SyncManagerImpl::ConfigureSyncer] Types to download:  with reason: 3
2026-10-03 14:32:49.369: [INFO][SyncEngineBackend::DoFinishConfigureDataTypes] Failed to download types:  and succeeded types: 
2026-10-03 14:32:49.369: [INFO][Sync] ConfigurationDone, failed: , succeeded: , remaining count: 2
2026-10-03 14:32:49.369: [WARN][Sync]     Reconfigure requested while configuration ongoing.
2026-10-03 14:32:49.369: [INFO][Sync] Configuring for: Extensions, Extension settings, Device Info, User Consents, Send Tab To Self, Web Apps, Encryption Keys, reason: 5, current state: 2
2026-10-03 14:32:49.369: [INFO][Sync] Configure, desired: Extensions, Extension settings, Device Info, User Consents, Send Tab To Self, Web Apps, Encryption Keys; Allow fail: 
2026-10-03 14:32:49.369: [INFO][Sync] All data types are ready for configure.
2026-10-03 14:32:49.369: [INFO][SyncManagerImpl::ConfigureSyncer] Types to download:  with reason: 5
2026-10-03 14:32:49.369: [INFO][SyncEngineBackend::DoFinishConfigureDataTypes] Failed to download types:  and succeeded types: 
2026-10-03 14:32:49.369: [INFO][Sync] ConfigurationDone, failed: , succeeded: , remaining count: 2
2026-10-03 14:32:49.369: [INFO][Sync] Prepare to configure types: Device Info, Encryption Keys
2026-10-03 14:32:49.369: [INFO][SyncManagerImpl::ConfigureSyncer] Types to download: Device Info, Encryption Keys with reason: 5
2026-10-03 14:32:49.369: [INFO][SyncSchedulerImpl::DoConfigurationSyncCycleJob] Blocked types:  and types to download: Device Info, Encryption Keys
2026-10-03 14:32:49.905: [INFO][SyncEngineBackend::DoFinishConfigureDataTypes] Failed to download types:  and succeeded types: Device Info, Encryption Keys
2026-10-03 14:32:49.905: [INFO][Sync] ConfigurationDone, failed: , succeeded: Device Info, Encryption Keys, remaining count: 1
2026-10-03 14:32:49.905: [INFO][Sync] Prepare to configure types: Extensions, Extension settings, Send Tab To Self, Web Apps, Encryption Keys
2026-10-03 14:32:49.905: [INFO][SyncManagerImpl::ConfigureSyncer] Types to download: Extensions, Extension settings, Send Tab To Self, Web Apps, Encryption Keys with reason: 5
2026-10-03 14:32:49.906: [INFO][SyncSchedulerImpl::DoConfigurationSyncCycleJob] Blocked types:  and types to download: Extensions, Extension settings, Send Tab To Self, Web Apps, Encryption Keys
2026-10-03 14:32:50.063: [INFO][SyncEngineBackend::DoFinishConfigureDataTypes] Failed to download types:  and succeeded types: Extensions, Extension settings, Send Tab To Self, Web Apps, Encryption Keys
2026-10-03 14:32:50.064: [INFO][Sync] ConfigurationDone, failed: , succeeded: Extensions, Extension settings, Send Tab To Self, Web Apps, Encryption Keys, remaining count: 0
2026-10-03 14:32:50.064: [INFO][Sync]     Configuration completed, state: 7
2026-10-03 14:32:50.064: [INFO][Sync] Configured DataTypeManager: Ok
2026-10-03 14:32:50.065: [INFO][SyncEngineBackend::DoStartSyncing] Start syncing
2026-10-03 14:35:08.497: [INFO][Sync] Reset engine, reason: 0
2026-10-03 14:35:08.497: [INFO][Sync] Reset engine with reason: 0
2026-10-03 14:35:28.480: [INFO][Sync] SyncState after authenticated was: FeatureNotSetup
2026-10-03 14:35:28.682: [INFO][SyncAuthManager::SetLastAuthError] Current auth error: None
2026-10-03 14:35:28.682: [INFO][SyncAuthManager::EdgeLogTokenErrorState] Token error with: None for account type: MSA
2026-10-03 14:35:28.682: [INFO][Sync] Credentials changed for: EdgeSyncKeyDataScope
2026-10-03 14:35:38.545: [INFO][Sync] Try to start sync engine
2026-10-03 14:35:38.547: [INFO][SyncEngineBackend::LoadAndConnectNigoriController] Load and connect Nigori controller
2026-10-03 14:35:38.547: [INFO][SyncEngineBackend::DoInitialize] Control Types added: 
2026-10-03 14:35:38.547: [INFO][SyncManagerImpl::ConfigureSyncer] Types to download:  with reason: 4
2026-10-03 14:35:38.547: [INFO][SyncEngineBackend::DoUpdateKeyDataCredentials] Update key data credentials
2026-10-03 14:35:38.548: [INFO][Sync] Started DataTypeManager configuration, reason: 4
2026-10-03 14:35:38.548: [INFO][Sync] Configuring for: Extensions, Extension settings, Device Info, User Consents, Send Tab To Self, Web Apps, Encryption Keys, reason: 4, current state: 0
2026-10-03 14:35:38.548: [INFO][SyncEngineBackend::DoStartConfiguration] Start configuration
2026-10-03 14:35:38.548: [INFO][Sync] Configure, desired: Extensions, Extension settings, Device Info, User Consents, Send Tab To Self, Web Apps, Encryption Keys; Allow fail: 
2026-10-03 14:35:38.548: [INFO][Sync] Loading: Extensions
2026-10-03 14:35:38.548: [INFO][Sync] Loading: Extension settings
2026-10-03 14:35:38.548: [INFO][Sync] Loading: Device Info
2026-10-03 14:35:38.548: [INFO][Sync] Loading: User Consents
2026-10-03 14:35:38.548: [INFO][Sync] Loading: Send Tab To Self
2026-10-03 14:35:38.548: [INFO][Sync] Loading: Web Apps
2026-10-03 14:35:38.549: [INFO][Sync] All data types are ready for configure.
2026-10-03 14:35:38.549: [INFO][SyncManagerImpl::ConfigureSyncer] Types to download:  with reason: 4
2026-10-03 14:35:38.549: [INFO][SyncEngineBackend::DoFinishConfigureDataTypes] Failed to download types:  and succeeded types: 
2026-10-03 14:35:38.549: [INFO][Sync] ConfigurationDone, failed: , succeeded: , remaining count: 2
2026-10-03 14:35:38.549: [INFO][SyncManagerImpl::ConfigureSyncer] Types to download:  with reason: 4
2026-10-03 14:35:38.549: [INFO][SyncEngineBackend::DoFinishConfigureDataTypes] Failed to download types:  and succeeded types: 
2026-10-03 14:35:38.549: [INFO][Sync] ConfigurationDone, failed: , succeeded: , remaining count: 1
2026-10-03 14:35:38.549: [INFO][SyncManagerImpl::ConfigureSyncer] Types to download:  with reason: 4
2026-10-03 14:35:38.549: [INFO][SyncEngineBackend::DoFinishConfigureDataTypes] Failed to download types:  and succeeded types: 
2026-10-03 14:35:38.549: [INFO][Sync] ConfigurationDone, failed: , succeeded: , remaining count: 0
2026-10-03 14:35:38.549: [INFO][Sync]     Configuration completed, state: 3
2026-10-03 14:35:38.549: [INFO][Sync] Configured DataTypeManager: Ok
2026-10-03 14:35:38.550: [INFO][SyncEngineBackend::DoStartSyncing] Start syncing
2026-10-03 14:35:38.551: [INFO][SyncAuthManager::SetLastAuthError] Current auth error: None
2026-10-03 14:35:38.551: [INFO][SyncAuthManager::EdgeLogTokenErrorState] Token error with: None for account type: MSA
2026-10-03 14:35:38.551: [INFO][Sync] Credentials changed for: EdgeSyncScopeNew
2026-10-03 14:35:38.551: [INFO][SyncEngineBackend::DoUpdateCredentials] Update credentials
2026-10-03 14:35:39.046: [INFO][SyncEngineBackend::DoUpdateKeyDataCredentials] Update key data credentials
2026-10-03 14:35:56.364: [INFO][Sync] Reset engine, reason: 0
2026-10-03 14:35:56.364: [INFO][Sync] Reset engine with reason: 0
2026-10-03 14:36:12.639: [INFO][Sync] SyncState after authenticated was: FeatureNotSetup
2026-10-03 14:36:12.833: [INFO][SyncAuthManager::SetLastAuthError] Current auth error: None
2026-10-03 14:36:12.833: [INFO][SyncAuthManager::EdgeLogTokenErrorState] Token error with: None for account type: MSA
2026-10-03 14:36:12.833: [INFO][Sync] Credentials changed for: EdgeSyncKeyDataScope
2026-10-03 14:36:22.702: [INFO][Sync] Try to start sync engine
2026-10-03 14:36:22.704: [INFO][SyncEngineBackend::LoadAndConnectNigoriController] Load and connect Nigori controller
2026-10-03 14:36:22.704: [INFO][SyncEngineBackend::DoInitialize] Control Types added: 
2026-10-03 14:36:22.704: [INFO][SyncManagerImpl::ConfigureSyncer] Types to download:  with reason: 4
2026-10-03 14:36:22.704: [INFO][SyncEngineBackend::DoUpdateKeyDataCredentials] Update key data credentials
2026-10-03 14:36:22.705: [INFO][Sync] Started DataTypeManager configuration, reason: 4
2026-10-03 14:36:22.705: [INFO][Sync] Configuring for: Extensions, Extension settings, Device Info, User Consents, Send Tab To Self, Web Apps, Encryption Keys, reason: 4, current state: 0
2026-10-03 14:36:22.705: [INFO][SyncEngineBackend::DoStartConfiguration] Start configuration
2026-10-03 14:36:22.705: [INFO][Sync] Configure, desired: Extensions, Extension settings, Device Info, User Consents, Send Tab To Self, Web Apps, Encryption Keys; Allow fail: 
2026-10-03 14:36:22.705: [INFO][Sync] Loading: Extensions
2026-10-03 14:36:22.705: [INFO][Sync] Loading: Extension settings
2026-10-03 14:36:22.706: [INFO][Sync] Loading: Device Info
2026-10-03 14:36:22.706: [INFO][Sync] Loading: User Consents
2026-10-03 14:36:22.706: [INFO][Sync] Loading: Send Tab To Self
2026-10-03 14:36:22.706: [INFO][Sync] Loading: Web Apps
2026-10-03 14:36:22.706: [INFO][Sync] All data types are ready for configure.
2026-10-03 14:36:22.706: [INFO][SyncManagerImpl::ConfigureSyncer] Types to download:  with reason: 4
2026-10-03 14:36:22.706: [INFO][SyncEngineBackend::DoFinishConfigureDataTypes] Failed to download types:  and succeeded types: 
2026-10-03 14:36:22.706: [INFO][Sync] ConfigurationDone, failed: , succeeded: , remaining count: 2
2026-10-03 14:36:22.706: [INFO][SyncManagerImpl::ConfigureSyncer] Types to download:  with reason: 4
2026-10-03 14:36:22.706: [INFO][SyncEngineBackend::DoFinishConfigureDataTypes] Failed to download types:  and succeeded types: 
2026-10-03 14:36:22.706: [INFO][Sync] ConfigurationDone, failed: , succeeded: , remaining count: 1
2026-10-03 14:36:22.706: [INFO][SyncManagerImpl::ConfigureSyncer] Types to download:  with reason: 4
2026-10-03 14:36:22.706: [INFO][SyncEngineBackend::DoFinishConfigureDataTypes] Failed to download types:  and succeeded types: 
2026-10-03 14:36:22.706: [INFO][Sync] ConfigurationDone, failed: , succeeded: , remaining count: 0
2026-10-03 14:36:22.706: [INFO][Sync]     Configuration completed, state: 3
2026-10-03 14:36:22.706: [INFO][Sync] Configured DataTypeManager: Ok
2026-10-03 14:36:22.707: [INFO][SyncEngineBackend::DoStartSyncing] Start syncing
2026-10-03 14:36:22.708: [INFO][SyncAuthManager::SetLastAuthError] Current auth error: None
2026-10-03 14:36:22.708: [INFO][SyncAuthManager::EdgeLogTokenErrorState] Token error with: None for account type: MSA
2026-10-03 14:36:22.708: [INFO][Sync] Credentials changed for: EdgeSyncScopeNew
2026-10-03 14:36:22.708: [INFO][SyncEngineBackend::DoUpdateCredentials] Update credentials
2026-10-03 14:36:23.216: [INFO][SyncEngineBackend::DoUpdateKeyDataCredentials] Update key data credentials
2026-10-03 14:37:27.230: [INFO][Sync] Reset engine, reason: 0
2026-10-03 14:37:27.230: [INFO][Sync] Reset engine with reason: 0
2026-10-03 15:33:26.820: [INFO][Sync] SyncState after authenticated was: FeatureNotSetup
2026-10-03 15:33:27.642: [INFO][SyncAuthManager::SetLastAuthError] Current auth error: None
2026-10-03 15:33:27.642: [INFO][SyncAuthManager::EdgeLogTokenErrorState] Token error with: None for account type: MSA
2026-10-03 15:33:27.642: [INFO][Sync] Credentials changed for: EdgeSyncKeyDataScope
2026-10-03 15:33:36.892: [INFO][Sync] Try to start sync engine
2026-10-03 15:33:36.894: [INFO][SyncEngineBackend::LoadAndConnectNigoriController] Load and connect Nigori controller
2026-10-03 15:33:36.894: [INFO][SyncEngineBackend::DoInitialize] Control Types added: 
2026-10-03 15:33:36.894: [INFO][SyncManagerImpl::ConfigureSyncer] Types to download:  with reason: 4
2026-10-03 15:33:36.894: [INFO][SyncEngineBackend::DoUpdateKeyDataCredentials] Update key data credentials
2026-10-03 15:33:36.895: [INFO][Sync] Started DataTypeManager configuration, reason: 4
2026-10-03 15:33:36.895: [INFO][Sync] Configuring for: Extensions, Extension settings, Device Info, User Consents, Send Tab To Self, Web Apps, Encryption Keys, reason: 4, current state: 0
2026-10-03 15:33:36.895: [INFO][SyncEngineBackend::DoStartConfiguration] Start configuration
2026-10-03 15:33:36.895: [INFO][Sync] Configure, desired: Extensions, Extension settings, Device Info, User Consents, Send Tab To Self, Web Apps, Encryption Keys; Allow fail: 
2026-10-03 15:33:36.895: [INFO][Sync] Loading: Extensions
2026-10-03 15:33:36.895: [INFO][Sync] Loading: Extension settings
2026-10-03 15:33:36.895: [INFO][Sync] Loading: Device Info
2026-10-03 15:33:36.895: [INFO][Sync] Loading: User Consents
2026-10-03 15:33:36.895: [INFO][Sync] Loading: Send Tab To Self
2026-10-03 15:33:36.895: [INFO][Sync] Loading: Web Apps
2026-10-03 15:33:36.895: [INFO][Sync] All data types are ready for configure.
2026-10-03 15:33:36.896: [INFO][SyncManagerImpl::ConfigureSyncer] Types to download:  with reason: 4
2026-10-03 15:33:36.896: [INFO][SyncEngineBackend::DoFinishConfigureDataTypes] Failed to download types:  and succeeded types: 
2026-10-03 15:33:36.896: [INFO][Sync] ConfigurationDone, failed: , succeeded: , remaining count: 2
2026-10-03 15:33:36.896: [INFO][SyncManagerImpl::ConfigureSyncer] Types to download:  with reason: 4
2026-10-03 15:33:36.896: [INFO][SyncEngineBackend::DoFinishConfigureDataTypes] Failed to download types:  and succeeded types: 
2026-10-03 15:33:36.896: [INFO][Sync] ConfigurationDone, failed: , succeeded: , remaining count: 1
2026-10-03 15:33:36.896: [INFO][SyncManagerImpl::ConfigureSyncer] Types to download:  with reason: 4
2026-10-03 15:33:36.896: [INFO][SyncEngineBackend::DoFinishConfigureDataTypes] Failed to download types:  and succeeded types: 
2026-10-03 15:33:36.896: [INFO][Sync] ConfigurationDone, failed: , succeeded: , remaining count: 0
2026-10-03 15:33:36.896: [INFO][Sync]     Configuration completed, state: 3
2026-10-03 15:33:36.896: [INFO][Sync] Configured DataTypeManager: Ok
2026-10-03 15:33:36.897: [INFO][SyncEngineBackend::DoStartSyncing] Start syncing
2026-10-03 15:33:36.899: [INFO][SyncAuthManager::SetLastAuthError] Current auth error: None
2026-10-03 15:33:36.899: [INFO][SyncAuthManager::EdgeLogTokenErrorState] Token error with: None for account type: MSA
2026-10-03 15:33:36.899: [INFO][Sync] Credentials changed for: EdgeSyncScopeNew
2026-10-03 15:33:36.899: [INFO][SyncEngineBackend::DoUpdateCredentials] Update credentials
2026-10-03 15:33:37.443: [INFO][SyncEngineBackend::DoUpdateKeyDataCredentials] Update key data credentials
2026-10-03 15:37:16.460: [INFO][Sync] Reset engine, reason: 0
2026-10-03 15:37:16.460: [INFO][Sync] Reset engine with reason: 0
2026-10-03 15:37:38.104: [INFO][Sync] SyncState after authenticated was: FeatureNotSetup
2026-10-03 15:37:38.285: [INFO][SyncAuthManager::SetLastAuthError] Current auth error: None
2026-10-03 15:37:38.285: [INFO][SyncAuthManager::EdgeLogTokenErrorState] Token error with: None for account type: MSA
2026-10-03 15:37:38.285: [INFO][Sync] Credentials changed for: EdgeSyncKeyDataScope
2026-10-03 15:37:48.161: [INFO][Sync] Try to start sync engine
2026-10-03 15:37:48.163: [INFO][SyncEngineBackend::LoadAndConnectNigoriController] Load and connect Nigori controller
2026-10-03 15:37:48.163: [INFO][SyncEngineBackend::DoInitialize] Control Types added: 
2026-10-03 15:37:48.163: [INFO][SyncManagerImpl::ConfigureSyncer] Types to download:  with reason: 4
2026-10-03 15:37:48.163: [INFO][SyncEngineBackend::DoUpdateKeyDataCredentials] Update key data credentials
2026-10-03 15:37:48.163: [INFO][Sync] Started DataTypeManager configuration, reason: 4
2026-10-03 15:37:48.163: [INFO][Sync] Configuring for: Extensions, Extension settings, Device Info, User Consents, Send Tab To Self, Web Apps, Encryption Keys, reason: 4, current state: 0
2026-10-03 15:37:48.163: [INFO][SyncEngineBackend::DoStartConfiguration] Start configuration
2026-10-03 15:37:48.164: [INFO][Sync] Configure, desired: Extensions, Extension settings, Device Info, User Consents, Send Tab To Self, Web Apps, Encryption Keys; Allow fail: 
2026-10-03 15:37:48.164: [INFO][Sync] Loading: Extensions
2026-10-03 15:37:48.164: [INFO][Sync] Loading: Extension settings
2026-10-03 15:37:48.164: [INFO][Sync] Loading: Device Info
2026-10-03 15:37:48.164: [INFO][Sync] Loading: User Consents
2026-10-03 15:37:48.164: [INFO][Sync] Loading: Send Tab To Self
2026-10-03 15:37:48.164: [INFO][Sync] Loading: Web Apps
2026-10-03 15:37:48.164: [INFO][Sync] All data types are ready for configure.
2026-10-03 15:37:48.164: [INFO][SyncManagerImpl::ConfigureSyncer] Types to download:  with reason: 4
2026-10-03 15:37:48.164: [INFO][SyncEngineBackend::DoFinishConfigureDataTypes] Failed to download types:  and succeeded types: 
2026-10-03 15:37:48.164: [INFO][Sync] ConfigurationDone, failed: , succeeded: , remaining count: 2
2026-10-03 15:37:48.164: [INFO][SyncManagerImpl::ConfigureSyncer] Types to download:  with reason: 4
2026-10-03 15:37:48.164: [INFO][SyncEngineBackend::DoFinishConfigureDataTypes] Failed to download types:  and succeeded types: 
2026-10-03 15:37:48.164: [INFO][Sync] ConfigurationDone, failed: , succeeded: , remaining count: 1
2026-10-03 15:37:48.164: [INFO][SyncManagerImpl::ConfigureSyncer] Types to download:  with reason: 4
2026-10-03 15:37:48.164: [INFO][SyncEngineBackend::DoFinishConfigureDataTypes] Failed to download types:  and succeeded types: 
2026-10-03 15:37:48.164: [INFO][Sync] ConfigurationDone, failed: , succeeded: , remaining count: 0
2026-10-03 15:37:48.164: [INFO][Sync]     Configuration completed, state: 3
2026-10-03 15:37:48.164: [INFO][Sync] Configured DataTypeManager: Ok
2026-10-03 15:37:48.165: [INFO][SyncEngineBackend::DoStartSyncing] Start syncing
2026-10-03 15:37:48.168: [INFO][SyncAuthManager::SetLastAuthError] Current auth error: None
2026-10-03 15:37:48.168: [INFO][SyncAuthManager::EdgeLogTokenErrorState] Token error with: None for account type: MSA
2026-10-03 15:37:48.168: [INFO][Sync] Credentials changed for: EdgeSyncScopeNew
2026-10-03 15:37:48.168: [INFO][SyncEngineBackend::DoUpdateCredentials] Update credentials
2026-10-03 15:37:48.674: [INFO][SyncEngineBackend::DoUpdateKeyDataCredentials] Update key data credentials
2026-10-03 15:39:00.441: [INFO][Sync] Reset engine, reason: 0
2026-10-03 15:39:00.441: [INFO][Sync] Reset engine with reason: 0
2026-10-03 15:39:50.828: [INFO][Sync] SyncState after authenticated was: FeatureNotSetup
2026-10-03 15:39:52.097: [INFO][SyncAuthManager::SetLastAuthError] Current auth error: None
2026-10-03 15:39:52.097: [INFO][SyncAuthManager::EdgeLogTokenErrorState] Token error with: None for account type: MSA
2026-10-03 15:39:52.097: [INFO][Sync] Credentials changed for: EdgeSyncKeyDataScope
2026-10-03 15:40:00.886: [INFO][Sync] Try to start sync engine
2026-10-03 15:40:00.888: [INFO][SyncEngineBackend::LoadAndConnectNigoriController] Load and connect Nigori controller
2026-10-03 15:40:00.888: [INFO][SyncEngineBackend::DoInitialize] Control Types added: 
2026-10-03 15:40:00.888: [INFO][SyncManagerImpl::ConfigureSyncer] Types to download:  with reason: 4
2026-10-03 15:40:00.888: [INFO][SyncEngineBackend::DoUpdateKeyDataCredentials] Update key data credentials
2026-10-03 15:40:00.888: [INFO][Sync] Started DataTypeManager configuration, reason: 4
2026-10-03 15:40:00.888: [INFO][Sync] Configuring for: Extensions, Extension settings, Device Info, User Consents, Send Tab To Self, Web Apps, Encryption Keys, reason: 4, current state: 0
2026-10-03 15:40:00.888: [INFO][SyncEngineBackend::DoStartConfiguration] Start configuration
2026-10-03 15:40:00.889: [INFO][Sync] Configure, desired: Extensions, Extension settings, Device Info, User Consents, Send Tab To Self, Web Apps, Encryption Keys; Allow fail: 
2026-10-03 15:40:00.889: [INFO][Sync] Loading: Extensions
2026-10-03 15:40:00.889: [INFO][Sync] Loading: Extension settings
2026-10-03 15:40:00.889: [INFO][Sync] Loading: Device Info
2026-10-03 15:40:00.889: [INFO][Sync] Loading: User Consents
2026-10-03 15:40:00.889: [INFO][Sync] Loading: Send Tab To Self
2026-10-03 15:40:00.889: [INFO][Sync] Loading: Web Apps
2026-10-03 15:40:00.889: [INFO][Sync] All data types are ready for configure.
2026-10-03 15:40:00.889: [INFO][SyncManagerImpl::ConfigureSyncer] Types to download:  with reason: 4
2026-10-03 15:40:00.889: [INFO][SyncEngineBackend::DoFinishConfigureDataTypes] Failed to download types:  and succeeded types: 
2026-10-03 15:40:00.889: [INFO][Sync] ConfigurationDone, failed: , succeeded: , remaining count: 2
2026-10-03 15:40:00.889: [INFO][SyncManagerImpl::ConfigureSyncer] Types to download:  with reason: 4
2026-10-03 15:40:00.889: [INFO][SyncEngineBackend::DoFinishConfigureDataTypes] Failed to download types:  and succeeded types: 
2026-10-03 15:40:00.889: [INFO][Sync] ConfigurationDone, failed: , succeeded: , remaining count: 1
2026-10-03 15:40:00.889: [INFO][SyncManagerImpl::ConfigureSyncer] Types to download:  with reason: 4
2026-10-03 15:40:00.889: [INFO][SyncEngineBackend::DoFinishConfigureDataTypes] Failed to download types:  and succeeded types: 
2026-10-03 15:40:00.889: [INFO][Sync] ConfigurationDone, failed: , succeeded: , remaining count: 0
2026-10-03 15:40:00.889: [INFO][Sync]     Configuration completed, state: 3
2026-10-03 15:40:00.889: [INFO][Sync] Configured DataTypeManager: Ok
2026-10-03 15:40:00.890: [INFO][SyncEngineBackend::DoStartSyncing] Start syncing
2026-10-03 15:40:00.891: [INFO][SyncAuthManager::SetLastAuthError] Current auth error: None
2026-10-03 15:40:00.891: [INFO][SyncAuthManager::EdgeLogTokenErrorState] Token error with: None for account type: MSA
2026-10-03 15:40:00.891: [INFO][Sync] Credentials changed for: EdgeSyncScopeNew
2026-10-03 15:40:00.891: [INFO][SyncEngineBackend::DoUpdateCredentials] Update credentials
2026-10-03 15:40:01.398: [INFO][SyncEngineBackend::DoUpdateKeyDataCredentials] Update key data credentials
2026-10-03 15:41:54.734: [INFO][Sync] Reset engine, reason: 0
2026-10-03 15:41:54.734: [INFO][Sync] Reset engine with reason: 0
2026-10-03 15:44:23.128: [INFO][Sync] SyncState after authenticated was: FeatureNotSetup
2026-10-03 15:44:23.315: [INFO][SyncAuthManager::SetLastAuthError] Current auth error: None
2026-10-03 15:44:23.315: [INFO][SyncAuthManager::EdgeLogTokenErrorState] Token error with: None for account type: MSA
2026-10-03 15:44:23.315: [INFO][Sync] Credentials changed for: EdgeSyncKeyDataScope
2026-10-03 15:44:33.198: [INFO][Sync] Try to start sync engine
2026-10-03 15:44:33.200: [INFO][SyncEngineBackend::LoadAndConnectNigoriController] Load and connect Nigori controller
2026-10-03 15:44:33.200: [INFO][SyncEngineBackend::DoInitialize] Control Types added: 
2026-10-03 15:44:33.200: [INFO][SyncManagerImpl::ConfigureSyncer] Types to download:  with reason: 4
2026-10-03 15:44:33.200: [INFO][SyncEngineBackend::DoUpdateKeyDataCredentials] Update key data credentials
2026-10-03 15:44:33.201: [INFO][Sync] Started DataTypeManager configuration, reason: 4
2026-10-03 15:44:33.201: [INFO][Sync] Configuring for: Extensions, Extension settings, Device Info, User Consents, Send Tab To Self, Web Apps, Encryption Keys, reason: 4, current state: 0
2026-10-03 15:44:33.201: [INFO][SyncEngineBackend::DoStartConfiguration] Start configuration
2026-10-03 15:44:33.201: [INFO][Sync] Configure, desired: Extensions, Extension settings, Device Info, User Consents, Send Tab To Self, Web Apps, Encryption Keys; Allow fail: 
2026-10-03 15:44:33.201: [INFO][Sync] Loading: Extensions
2026-10-03 15:44:33.201: [INFO][Sync] Loading: Extension settings
2026-10-03 15:44:33.201: [INFO][Sync] Loading: Device Info
2026-10-03 15:44:33.201: [INFO][Sync] Loading: User Consents
2026-10-03 15:44:33.201: [INFO][Sync] Loading: Send Tab To Self
2026-10-03 15:44:33.201: [INFO][Sync] Loading: Web Apps
2026-10-03 15:44:33.202: [INFO][Sync] All data types are ready for configure.
2026-10-03 15:44:33.202: [INFO][SyncManagerImpl::ConfigureSyncer] Types to download:  with reason: 4
2026-10-03 15:44:33.202: [INFO][SyncEngineBackend::DoFinishConfigureDataTypes] Failed to download types:  and succeeded types: 
2026-10-03 15:44:33.202: [INFO][Sync] ConfigurationDone, failed: , succeeded: , remaining count: 2
2026-10-03 15:44:33.202: [INFO][SyncManagerImpl::ConfigureSyncer] Types to download:  with reason: 4
2026-10-03 15:44:33.202: [INFO][SyncEngineBackend::DoFinishConfigureDataTypes] Failed to download types:  and succeeded types: 
2026-10-03 15:44:33.202: [INFO][Sync] ConfigurationDone, failed: , succeeded: , remaining count: 1
2026-10-03 15:44:33.202: [INFO][SyncManagerImpl::ConfigureSyncer] Types to download:  with reason: 4
2026-10-03 15:44:33.202: [INFO][SyncEngineBackend::DoFinishConfigureDataTypes] Failed to download types:  and succeeded types: 
2026-10-03 15:44:33.202: [INFO][Sync] ConfigurationDone, failed: , succeeded: , remaining count: 0
2026-10-03 15:44:33.202: [INFO][Sync]     Configuration completed, state: 3
2026-10-03 15:44:33.202: [INFO][Sync] Configured DataTypeManager: Ok
2026-10-03 15:44:33.202: [INFO][SyncEngineBackend::DoStartSyncing] Start syncing
2026-10-03 15:44:33.204: [INFO][SyncAuthManager::SetLastAuthError] Current auth error: None
2026-10-03 15:44:33.204: [INFO][SyncAuthManager::EdgeLogTokenErrorState] Token error with: None for account type: MSA
2026-10-03 15:44:33.204: [INFO][Sync] Credentials changed for: EdgeSyncScopeNew
2026-10-03 15:44:33.204: [INFO][SyncEngineBackend::DoUpdateCredentials] Update credentials
2026-10-03 15:44:33.719: [INFO][SyncEngineBackend::DoUpdateKeyDataCredentials] Update key data credentials
2026-10-03 15:45:07.801: [INFO][Sync] Reset engine, reason: 0
2026-10-03 15:45:07.801: [INFO][Sync] Reset engine with reason: 0
