2026-10-03 14:32:45.454: [INFO] CurrentProfilePath: D:\Users\ADMIN\Documents\Project\library-management\.edge-profile\Default
2026-10-03 14:32:45.454: [INFO] Profiles total count: 1
2026-10-03 14:32:45.454: [INFO] Profile: name=Profile 1 path=D:\Users\ADMIN\Documents\Project\library-management\.edge-profile\Default lastActive=2026-10-03T14:32:45.393Z
2026-10-03 14:32:45.454: [INFO] LastUsedProfileDir: D:\Users\ADMIN\Documents\Project\library-management\.edge-profile\Default
2026-10-03 14:32:45.454: [INFO] MostRecentlyActiveProfile: name=Profile 1 path=D:\Users\ADMIN\Documents\Project\library-management\.edge-profile\Default lastActive=2026-10-03T14:32:45.393Z
2026-10-03 14:32:45.454: [INFO] OnDoneLoading sync enabled: 0
2026-10-03 14:32:45.454: [INFO] BookmarkModelLoaded, ids_reassigned: 0
2026-10-03 14:32:45.454: [INFO] BookmarksLoadDropped droppedNodes=0
2026-10-03 14:32:45.454: [INFO] BookmarksSnapshot Startup total=0 bar=0 other=0 mobile=0 showBar=0 showBarNTP=1
2026-10-03 14:32:45.519: [INFO] RecordSyncInitDuration has_sync_been_enabled: 0 state: 0
2026-10-03 14:32:46.223: [INFO] RecordSyncInitDuration has_sync_been_enabled: 0 state: 0
2026-10-03 14:32:46.225: [INFO] RecordSyncInitDuration has_sync_been_enabled: 0 state: 3
2026-10-03 14:32:46.228: [INFO] Primary account changed.
2026-10-03 14:32:46.228: [INFO] OnPrimaryAccountChanged PrimaryAccountChangeEvent::Type::kSet
2026-10-03 14:32:47.799: [INFO] RecordSyncInitDuration has_sync_been_enabled: 0 state: 3
2026-10-03 14:32:48.431: [INFO] RecordSyncInitDuration has_sync_been_enabled: 0 state: 3
2026-10-03 14:32:48.432: [INFO] RecordSyncInitDuration has_sync_been_enabled: 0 state: 3
2026-10-03 14:32:48.432: [INFO] RecordSyncInitDuration has_sync_been_enabled: 0 state: 3
2026-10-03 14:32:48.433: [INFO] RecordSyncInitDuration has_sync_been_enabled: 0 state: 3
2026-10-03 14:32:48.433: [INFO] RecordSyncInitDuration has_sync_been_enabled: 0 state: 3
2026-10-03 14:32:48.433: [INFO] RecordSyncInitDuration has_sync_been_enabled: 0 state: 3
2026-10-03 14:32:48.434: [INFO] RecordSyncInitDuration has_sync_been_enabled: 0 state: 5
2026-10-03 14:32:48.435: [INFO] RecordSyncInitDuration has_sync_been_enabled: 0 state: 5
2026-10-03 14:32:49.367: [INFO] RecordSyncInitDuration has_sync_been_enabled: 0 state: 5
2026-10-03 14:32:49.368: [INFO] RecordSyncInitDuration has_sync_been_enabled: 0 state: 5
2026-10-03 14:32:49.905: [INFO] RecordSyncInitDuration has_sync_been_enabled: 0 state: 5
2026-10-03 14:32:50.064: [INFO] RecordSyncInitDuration has_sync_been_enabled: 0 state: 5
2026-10-03 14:32:50.065: [INFO] RecordSyncInitDuration has_sync_been_enabled: 0 state: 6
2026-10-03 14:32:50.065: [INFO] RecordSyncInitDuration has_sync_been_enabled: 0 state: 6
2026-10-03 14:32:50.734: [INFO] RecordSyncInitDuration has_sync_been_enabled: 0 state: 6
2026-10-03 14:32:50.811: [INFO] RecordSyncInitDuration has_sync_been_enabled: 0 state: 6
2026-10-03 14:32:50.942: [INFO] RecordSyncInitDuration has_sync_been_enabled: 0 state: 6
2026-10-03 14:35:08.497: [INFO] BookmarksSnapshot Shutdown total=0 bar=0 other=0 mobile=0 showBar=0 showBarNTP=1
2026-10-03 14:35:28.630: [INFO] CurrentProfilePath: D:\Users\ADMIN\Documents\Project\library-management\.edge-profile\Default
2026-10-03 14:35:28.630: [INFO] Profiles total count: 1
2026-10-03 14:35:28.630: [INFO] Profile: name=Personal path=D:\Users\ADMIN\Documents\Project\library-management\.edge-profile\Default lastActive=2026-10-03T14:35:28.599Z
2026-10-03 14:35:28.630: [INFO] LastUsedProfileDir: D:\Users\ADMIN\Documents\Project\library-management\.edge-profile\Default
2026-10-03 14:35:28.630: [INFO] MostRecentlyActiveProfile: name=Personal path=D:\Users\ADMIN\Documents\Project\library-management\.edge-profile\Default lastActive=2026-10-03T14:35:28.599Z
2026-10-03 14:35:28.630: [INFO] OnDoneLoading sync enabled: 0
2026-10-03 14:35:28.630: [INFO] BookmarkModelLoaded, ids_reassigned: 0
2026-10-03 14:35:28.630: [INFO] BookmarksLoadDropped droppedNodes=0
2026-10-03 14:35:28.630: [INFO] BookmarksSnapshot Startup total=0 bar=0 other=0 mobile=0 showBar=0 showBarNTP=1
2026-10-03 14:35:38.548: [INFO] RecordSyncInitDuration has_sync_been_enabled: 0 state: 3
2026-10-03 14:35:38.548: [INFO] RecordSyncInitDuration has_sync_been_enabled: 0 state: 3
2026-10-03 14:35:38.548: [INFO] RecordSyncInitDuration has_sync_been_enabled: 0 state: 5
2026-10-03 14:35:38.549: [INFO] RecordSyncInitDuration has_sync_been_enabled: 0 state: 5
2026-10-03 14:35:38.549: [INFO] RecordSyncInitDuration has_sync_been_enabled: 0 state: 6
2026-10-03 14:35:38.550: [INFO] RecordSyncInitDuration has_sync_been_enabled: 0 state: 6
2026-10-03 14:35:38.552: [INFO] RecordSyncInitDuration has_sync_been_enabled: 0 state: 6
2026-10-03 14:35:39.041: [INFO] RecordSyncInitDuration has_sync_been_enabled: 0 state: 6
2026-10-03 14:35:39.046: [INFO] RecordSyncInitDuration has_sync_been_enabled: 0 state: 6
2026-10-03 14:35:56.364: [INFO] BookmarksSnapshot Shutdown total=0 bar=0 other=0 mobile=0 showBar=0 showBarNTP=1
2026-10-03 14:36:12.779: [INFO] CurrentProfilePath: D:\Users\ADMIN\Documents\Project\library-management\.edge-profile\Default
2026-10-03 14:36:12.779: [INFO] Profiles total count: 1
2026-10-03 14:36:12.780: [INFO] Profile: name=Personal path=D:\Users\ADMIN\Documents\Project\library-management\.edge-profile\Default lastActive=2026-10-03T14:36:12.749Z
2026-10-03 14:36:12.780: [INFO] LastUsedProfileDir: D:\Users\ADMIN\Documents\Project\library-management\.edge-profile\Default
2026-10-03 14:36:12.780: [INFO] MostRecentlyActiveProfile: name=Personal path=D:\Users\ADMIN\Documents\Project\library-management\.edge-profile\Default lastActive=2026-10-03T14:36:12.749Z
2026-10-03 14:36:12.780: [INFO] OnDoneLoading sync enabled: 0
2026-10-03 14:36:12.780: [INFO] BookmarkModelLoaded, ids_reassigned: 0
2026-10-03 14:36:12.780: [INFO] BookmarksLoadDropped droppedNodes=0
2026-10-03 14:36:12.780: [INFO] BookmarksSnapshot Startup total=0 bar=0 other=0 mobile=0 showBar=0 showBarNTP=1
2026-10-03 14:36:22.704: [INFO] RecordSyncInitDuration has_sync_been_enabled: 0 state: 3
2026-10-03 14:36:22.705: [INFO] RecordSyncInitDuration has_sync_been_enabled: 0 state: 3
2026-10-03 14:36:22.705: [INFO] RecordSyncInitDuration has_sync_been_enabled: 0 state: 5
2026-10-03 14:36:22.706: [INFO] RecordSyncInitDuration has_sync_been_enabled: 0 state: 5
2026-10-03 14:36:22.707: [INFO] RecordSyncInitDuration has_sync_been_enabled: 0 state: 6
2026-10-03 14:36:22.707: [INFO] RecordSyncInitDuration has_sync_been_enabled: 0 state: 6
2026-10-03 14:36:22.709: [INFO] RecordSyncInitDuration has_sync_been_enabled: 0 state: 6
2026-10-03 14:36:23.210: [INFO] RecordSyncInitDuration has_sync_been_enabled: 0 state: 6
2026-10-03 14:36:23.216: [INFO] RecordSyncInitDuration has_sync_been_enabled: 0 state: 6
2026-10-03 14:37:27.230: [INFO] BookmarksSnapshot Shutdown total=0 bar=0 other=0 mobile=0 showBar=0 showBarNTP=1
2026-10-03 15:33:26.958: [INFO] CurrentProfilePath: D:\Users\ADMIN\Documents\Project\library-management\.edge-profile\Default
2026-10-03 15:33:26.958: [INFO] Profiles total count: 1
2026-10-03 15:33:26.958: [INFO] Profile: name=Personal path=D:\Users\ADMIN\Documents\Project\library-management\.edge-profile\Default lastActive=2026-10-03T15:33:26.926Z
2026-10-03 15:33:26.958: [INFO] LastUsedProfileDir: D:\Users\ADMIN\Documents\Project\library-management\.edge-profile\Default
2026-10-03 15:33:26.958: [INFO] MostRecentlyActiveProfile: name=Personal path=D:\Users\ADMIN\Documents\Project\library-management\.edge-profile\Default lastActive=2026-10-03T15:33:26.926Z
2026-10-03 15:33:26.958: [INFO] OnDoneLoading sync enabled: 0
2026-10-03 15:33:26.958: [INFO] BookmarkModelLoaded, ids_reassigned: 0
2026-10-03 15:33:26.958: [INFO] BookmarksLoadDropped droppedNodes=0
2026-10-03 15:33:26.958: [INFO] BookmarksSnapshot Startup total=0 bar=0 other=0 mobile=0 showBar=0 showBarNTP=1
2026-10-03 15:33:36.894: [INFO] RecordSyncInitDuration has_sync_been_enabled: 0 state: 3
2026-10-03 15:33:36.895: [INFO] RecordSyncInitDuration has_sync_been_enabled: 0 state: 3
2026-10-03 15:33:36.895: [INFO] RecordSyncInitDuration has_sync_been_enabled: 0 state: 5
2026-10-03 15:33:36.895: [INFO] RecordSyncInitDuration has_sync_been_enabled: 0 state: 5
2026-10-03 15:33:36.896: [INFO] RecordSyncInitDuration has_sync_been_enabled: 0 state: 6
2026-10-03 15:33:36.897: [INFO] RecordSyncInitDuration has_sync_been_enabled: 0 state: 6
2026-10-03 15:33:36.899: [INFO] RecordSyncInitDuration has_sync_been_enabled: 0 state: 6
2026-10-03 15:33:37.436: [INFO] RecordSyncInitDuration has_sync_been_enabled: 0 state: 6
2026-10-03 15:33:37.443: [INFO] RecordSyncInitDuration has_sync_been_enabled: 0 state: 6
2026-10-03 15:37:16.460: [INFO] BookmarksSnapshot Shutdown total=0 bar=0 other=0 mobile=0 showBar=0 showBarNTP=1
2026-10-03 15:37:38.237: [INFO] CurrentProfilePath: D:\Users\ADMIN\Documents\Project\library-management\.edge-profile\Default
2026-10-03 15:37:38.237: [INFO] Profiles total count: 1
2026-10-03 15:37:38.237: [INFO] Profile: name=Personal path=D:\Users\ADMIN\Documents\Project\library-management\.edge-profile\Default lastActive=2026-10-03T15:37:38.211Z
2026-10-03 15:37:38.237: [INFO] LastUsedProfileDir: D:\Users\ADMIN\Documents\Project\library-management\.edge-profile\Default
2026-10-03 15:37:38.237: [INFO] MostRecentlyActiveProfile: name=Personal path=D:\Users\ADMIN\Documents\Project\library-management\.edge-profile\Default lastActive=2026-10-03T15:37:38.211Z
2026-10-03 15:37:38.237: [INFO] OnDoneLoading sync enabled: 0
2026-10-03 15:37:38.237: [INFO] BookmarkModelLoaded, ids_reassigned: 0
2026-10-03 15:37:38.237: [INFO] BookmarksLoadDropped droppedNodes=0
2026-10-03 15:37:38.237: [INFO] BookmarksSnapshot Startup total=0 bar=0 other=0 mobile=0 showBar=0 showBarNTP=1
2026-10-03 15:37:48.163: [INFO] RecordSyncInitDuration has_sync_been_enabled: 0 state: 3
2026-10-03 15:37:48.163: [INFO] RecordSyncInitDuration has_sync_been_enabled: 0 state: 3
2026-10-03 15:37:48.164: [INFO] RecordSyncInitDuration has_sync_been_enabled: 0 state: 5
2026-10-03 15:37:48.164: [INFO] RecordSyncInitDuration has_sync_been_enabled: 0 state: 5
2026-10-03 15:37:48.165: [INFO] RecordSyncInitDuration has_sync_been_enabled: 0 state: 6
2026-10-03 15:37:48.165: [INFO] RecordSyncInitDuration has_sync_been_enabled: 0 state: 6
2026-10-03 15:37:48.168: [INFO] RecordSyncInitDuration has_sync_been_enabled: 0 state: 6
2026-10-03 15:37:48.670: [INFO] RecordSyncInitDuration has_sync_been_enabled: 0 state: 6
2026-10-03 15:37:48.674: [INFO] RecordSyncInitDuration has_sync_been_enabled: 0 state: 6
2026-10-03 15:39:00.441: [INFO] BookmarksSnapshot Shutdown total=0 bar=0 other=0 mobile=0 showBar=0 showBarNTP=1
2026-10-03 15:39:50.952: [INFO] CurrentProfilePath: D:\Users\ADMIN\Documents\Project\library-management\.edge-profile\Default
2026-10-03 15:39:50.952: [INFO] Profiles total count: 1
2026-10-03 15:39:50.953: [INFO] Profile: name=Personal path=D:\Users\ADMIN\Documents\Project\library-management\.edge-profile\Default lastActive=2026-10-03T15:39:50.929Z
2026-10-03 15:39:50.953: [INFO] LastUsedProfileDir: D:\Users\ADMIN\Documents\Project\library-management\.edge-profile\Default
2026-10-03 15:39:50.953: [INFO] MostRecentlyActiveProfile: name=Personal path=D:\Users\ADMIN\Documents\Project\library-management\.edge-profile\Default lastActive=2026-10-03T15:39:50.929Z
2026-10-03 15:39:50.953: [INFO] OnDoneLoading sync enabled: 0
2026-10-03 15:39:50.953: [INFO] BookmarkModelLoaded, ids_reassigned: 0
2026-10-03 15:39:50.953: [INFO] BookmarksLoadDropped droppedNodes=0
2026-10-03 15:39:50.953: [INFO] BookmarksSnapshot Startup total=0 bar=0 other=0 mobile=0 showBar=0 showBarNTP=1
2026-10-03 15:40:00.888: [INFO] RecordSyncInitDuration has_sync_been_enabled: 0 state: 3
2026-10-03 15:40:00.888: [INFO] RecordSyncInitDuration has_sync_been_enabled: 0 state: 3
2026-10-03 15:40:00.889: [INFO] RecordSyncInitDuration has_sync_been_enabled: 0 state: 5
2026-10-03 15:40:00.889: [INFO] RecordSyncInitDuration has_sync_been_enabled: 0 state: 5
2026-10-03 15:40:00.890: [INFO] RecordSyncInitDuration has_sync_been_enabled: 0 state: 6
2026-10-03 15:40:00.890: [INFO] RecordSyncInitDuration has_sync_been_enabled: 0 state: 6
2026-10-03 15:40:00.892: [INFO] RecordSyncInitDuration has_sync_been_enabled: 0 state: 6
2026-10-03 15:40:01.393: [INFO] RecordSyncInitDuration has_sync_been_enabled: 0 state: 6
2026-10-03 15:40:01.398: [INFO] RecordSyncInitDuration has_sync_been_enabled: 0 state: 6
2026-10-03 15:41:54.733: [INFO] BookmarksSnapshot Shutdown total=0 bar=0 other=0 mobile=0 showBar=0 showBarNTP=1
2026-10-03 15:44:23.262: [INFO] CurrentProfilePath: D:\Users\ADMIN\Documents\Project\library-management\.edge-profile\Default
2026-10-03 15:44:23.262: [INFO] Profiles total count: 1
2026-10-03 15:44:23.262: [INFO] Profile: name=Personal path=D:\Users\ADMIN\Documents\Project\library-management\.edge-profile\Default lastActive=2026-10-03T15:44:23.231Z
2026-10-03 15:44:23.262: [INFO] LastUsedProfileDir: D:\Users\ADMIN\Documents\Project\library-management\.edge-profile\Default
2026-10-03 15:44:23.262: [INFO] MostRecentlyActiveProfile: name=Personal path=D:\Users\ADMIN\Documents\Project\library-management\.edge-profile\Default lastActive=2026-10-03T15:44:23.231Z
2026-10-03 15:44:23.262: [INFO] OnDoneLoading sync enabled: 0
2026-10-03 15:44:23.262: [INFO] BookmarkModelLoaded, ids_reassigned: 0
2026-10-03 15:44:23.262: [INFO] BookmarksLoadDropped droppedNodes=0
2026-10-03 15:44:23.262: [INFO] BookmarksSnapshot Startup total=0 bar=0 other=0 mobile=0 showBar=0 showBarNTP=1
2026-10-03 15:44:33.201: [INFO] RecordSyncInitDuration has_sync_been_enabled: 0 state: 3
2026-10-03 15:44:33.201: [INFO] RecordSyncInitDuration has_sync_been_enabled: 0 state: 3
2026-10-03 15:44:33.201: [INFO] RecordSyncInitDuration has_sync_been_enabled: 0 state: 5
2026-10-03 15:44:33.201: [INFO] RecordSyncInitDuration has_sync_been_enabled: 0 state: 5
2026-10-03 15:44:33.202: [INFO] RecordSyncInitDuration has_sync_been_enabled: 0 state: 6
2026-10-03 15:44:33.203: [INFO] RecordSyncInitDuration has_sync_been_enabled: 0 state: 6
2026-10-03 15:44:33.204: [INFO] RecordSyncInitDuration has_sync_been_enabled: 0 state: 6
2026-10-03 15:44:33.711: [INFO] RecordSyncInitDuration has_sync_been_enabled: 0 state: 6
2026-10-03 15:44:33.720: [INFO] RecordSyncInitDuration has_sync_been_enabled: 0 state: 6
2026-10-03 15:45:07.801: [INFO] BookmarksSnapshot Shutdown total=0 bar=0 other=0 mobile=0 showBar=0 showBarNTP=1
